// Jest Snapshot v1, https://goo.gl/fbAQLP

exports[`Character component renders Character 1`] = `
<DocumentFragment>
  <figure
    data-testid="character"
  >
    <figcaption />
    <img />
  </figure>
</DocumentFragment>
`;
