// Jest Snapshot v1, https://goo.gl/fbAQLP

exports[`Detail component renders Detail 1`] = `
<DocumentFragment>
  <figure>
    <figcaption />
    <img />
    <div>
      Allies: 
    </div>
    <div>
      Enemies: 
    </div>
    <div>
      Affiliation: 
    </div>
  </figure>
</DocumentFragment>
`;
